2026-07-27 12:56:50.023: [INFO] OnDoneLoading sync enabled: 0
2026-07-27 13:09:44.966: [INFO] OnDoneLoading sync enabled: 0
2026-07-27 14:03:24.701: [INFO] OnDoneLoading sync enabled: 0
2026-07-27 14:03:45.983: [INFO] OnDoneLoading sync enabled: 0
2026-07-27 14:16:04.588: [INFO] OnDoneLoading sync enabled: 0
2026-07-27 14:16:29.903: [INFO] OnDoneLoading sync enabled: 0
2026-07-27 14:43:49.655: [INFO] OnDoneLoading sync enabled: 0
2026-07-27 14:44:07.476: [INFO] OnDoneLoading sync enabled: 0
2026-07-27 14:46:19.364: [INFO] OnDoneLoading sync enabled: 0
2026-07-29 08:07:49.517: [INFO] OnDoneLoading sync enabled: 0
2026-07-29 08:29:15.979: [INFO] OnDoneLoading sync enabled: 0
2026-07-29 12:31:15.252: [INFO] OnDoneLoading sync enabled: 0
2026-07-30 03:17:32.247: [INFO] OnDoneLoading sync enabled: 0
2026-07-30 10:37:11.966: [INFO] OnDoneLoading sync enabled: 0
2026-07-30 14:08:59.560: [INFO] OnDoneLoading sync enabled: 0
2026-07-30 14:09:29.682: [INFO] OnDoneLoading sync enabled: 0
2026-07-30 14:10:09.599: [INFO] OnDoneLoading sync enabled: 0
2026-08-03 06:09:38.591: [INFO] CurrentProfilePath: D:\Final_Project_Workspace\.metadata\.plugins\org.eclipse.swt\EBWebView\Default
2026-08-03 06:09:38.591: [INFO] Profiles total count: 1
2026-08-03 06:09:38.591: [INFO] Profile: name=Profile 1 path=D:\Final_Project_Workspace\.metadata\.plugins\org.eclipse.swt\EBWebView\Default lastActive=2026-07-30T04:04:16.704Z
2026-08-03 06:09:38.591: [INFO] LastUsedProfileDir: D:\Final_Project_Workspace\.metadata\.plugins\org.eclipse.swt\EBWebView\Default
2026-08-03 06:09:38.591: [INFO] MostRecentlyActiveProfile: name=Profile 1 path=D:\Final_Project_Workspace\.metadata\.plugins\org.eclipse.swt\EBWebView\Default lastActive=2026-07-30T04:04:16.704Z
2026-08-03 06:09:38.591: [INFO] OnDoneLoading sync enabled: 0
2026-08-03 06:09:38.591: [INFO] BookmarkModelLoaded, ids_reassigned: 0
2026-08-03 06:09:38.591: [INFO] BookmarksLoadDropped droppedNodes=0
2026-08-03 06:09:38.591: [INFO] BookmarksSnapshot Startup total=0 bar=0 other=0 mobile=0 showBar=0 showBarNTP=1
2026-08-03 06:09:49.457: [INFO] BookmarksSnapshot Shutdown total=0 bar=0 other=0 mobile=0 showBar=0 showBarNTP=1
2026-08-03 06:09:49.541: [INFO] CurrentProfilePath: D:\Final_Project_Workspace\.metadata\.plugins\org.eclipse.swt\EBWebView\Default
2026-08-03 06:09:49.541: [INFO] Profiles total count: 1
2026-08-03 06:09:49.542: [INFO] Profile: name=Profile 1 path=D:\Final_Project_Workspace\.metadata\.plugins\org.eclipse.swt\EBWebView\Default lastActive=2026-07-30T04:04:16.704Z
2026-08-03 06:09:49.542: [INFO] LastUsedProfileDir: D:\Final_Project_Workspace\.metadata\.plugins\org.eclipse.swt\EBWebView\Default
2026-08-03 06:09:49.542: [INFO] MostRecentlyActiveProfile: name=Profile 1 path=D:\Final_Project_Workspace\.metadata\.plugins\org.eclipse.swt\EBWebView\Default lastActive=2026-07-30T04:04:16.704Z
2026-08-03 06:09:49.542: [INFO] OnDoneLoading sync enabled: 0
2026-08-03 06:09:49.542: [INFO] BookmarkModelLoaded, ids_reassigned: 0
2026-08-03 06:09:49.542: [INFO] BookmarksLoadDropped droppedNodes=0
2026-08-03 06:09:49.542: [INFO] BookmarksSnapshot Startup total=0 bar=0 other=0 mobile=0 showBar=0 showBarNTP=1
2026-08-03 06:10:49.744: [INFO] BookmarksSnapshot Shutdown total=0 bar=0 other=0 mobile=0 showBar=0 showBarNTP=1
2026-08-03 06:10:49.830: [INFO] CurrentProfilePath: D:\Final_Project_Workspace\.metadata\.plugins\org.eclipse.swt\EBWebView\Default
2026-08-03 06:10:49.830: [INFO] Profiles total count: 1
2026-08-03 06:10:49.830: [INFO] Profile: name=Profile 1 path=D:\Final_Project_Workspace\.metadata\.plugins\org.eclipse.swt\EBWebView\Default lastActive=2026-07-30T04:04:16.704Z
2026-08-03 06:10:49.830: [INFO] LastUsedProfileDir: D:\Final_Project_Workspace\.metadata\.plugins\org.eclipse.swt\EBWebView\Default
2026-08-03 06:10:49.830: [INFO] MostRecentlyActiveProfile: name=Profile 1 path=D:\Final_Project_Workspace\.metadata\.plugins\org.eclipse.swt\EBWebView\Default lastActive=2026-07-30T04:04:16.704Z
2026-08-03 06:10:49.830: [INFO] OnDoneLoading sync enabled: 0
2026-08-03 06:10:49.830: [INFO] BookmarkModelLoaded, ids_reassigned: 0
2026-08-03 06:10:49.830: [INFO] BookmarksLoadDropped droppedNodes=0
2026-08-03 06:10:49.830: [INFO] BookmarksSnapshot Startup total=0 bar=0 other=0 mobile=0 showBar=0 showBarNTP=1
2026-08-03 06:11:41.729: [INFO] BookmarksSnapshot Shutdown total=0 bar=0 other=0 mobile=0 showBar=0 showBarNTP=1
2026-08-03 06:11:41.803: [INFO] CurrentProfilePath: D:\Final_Project_Workspace\.metadata\.plugins\org.eclipse.swt\EBWebView\Default
2026-08-03 06:11:41.803: [INFO] Profiles total count: 1
2026-08-03 06:11:41.803: [INFO] Profile: name=Profile 1 path=D:\Final_Project_Workspace\.metadata\.plugins\org.eclipse.swt\EBWebView\Default lastActive=2026-07-30T04:04:16.704Z
2026-08-03 06:11:41.803: [INFO] LastUsedProfileDir: D:\Final_Project_Workspace\.metadata\.plugins\org.eclipse.swt\EBWebView\Default
2026-08-03 06:11:41.803: [INFO] MostRecentlyActiveProfile: name=Profile 1 path=D:\Final_Project_Workspace\.metadata\.plugins\org.eclipse.swt\EBWebView\Default lastActive=2026-07-30T04:04:16.704Z
2026-08-03 06:11:41.803: [INFO] OnDoneLoading sync enabled: 0
2026-08-03 06:11:41.803: [INFO] BookmarkModelLoaded, ids_reassigned: 0
2026-08-03 06:11:41.803: [INFO] BookmarksLoadDropped droppedNodes=0
2026-08-03 06:11:41.803: [INFO] BookmarksSnapshot Startup total=0 bar=0 other=0 mobile=0 showBar=0 showBarNTP=1
2026-08-03 06:11:43.189: [INFO] BookmarksSnapshot Shutdown total=0 bar=0 other=0 mobile=0 showBar=0 showBarNTP=1
2026-08-03 06:11:43.273: [INFO] CurrentProfilePath: D:\Final_Project_Workspace\.metadata\.plugins\org.eclipse.swt\EBWebView\Default
2026-08-03 06:11:43.273: [INFO] Profiles total count: 1
2026-08-03 06:11:43.273: [INFO] Profile: name=Profile 1 path=D:\Final_Project_Workspace\.metadata\.plugins\org.eclipse.swt\EBWebView\Default lastActive=2026-07-30T04:04:16.704Z
2026-08-03 06:11:43.273: [INFO] LastUsedProfileDir: D:\Final_Project_Workspace\.metadata\.plugins\org.eclipse.swt\EBWebView\Default
2026-08-03 06:11:43.273: [INFO] MostRecentlyActiveProfile: name=Profile 1 path=D:\Final_Project_Workspace\.metadata\.plugins\org.eclipse.swt\EBWebView\Default lastActive=2026-07-30T04:04:16.704Z
2026-08-03 06:11:43.273: [INFO] OnDoneLoading sync enabled: 0
2026-08-03 06:11:43.273: [INFO] BookmarkModelLoaded, ids_reassigned: 0
2026-08-03 06:11:43.273: [INFO] BookmarksLoadDropped droppedNodes=0
2026-08-03 06:11:43.273: [INFO] BookmarksSnapshot Startup total=0 bar=0 other=0 mobile=0 showBar=0 showBarNTP=1
2026-08-03 06:18:40.509: [INFO] BookmarksSnapshot Shutdown total=0 bar=0 other=0 mobile=0 showBar=0 showBarNTP=1
2026-08-03 06:36:35.908: [INFO] CurrentProfilePath: D:\Final_Project_Workspace\.metadata\.plugins\org.eclipse.swt\EBWebView\Default
2026-08-03 06:36:35.908: [INFO] Profiles total count: 1
2026-08-03 06:36:35.908: [INFO] Profile: name=Profile 1 path=D:\Final_Project_Workspace\.metadata\.plugins\org.eclipse.swt\EBWebView\Default lastActive=2026-07-30T04:04:16.704Z
2026-08-03 06:36:35.908: [INFO] LastUsedProfileDir: D:\Final_Project_Workspace\.metadata\.plugins\org.eclipse.swt\EBWebView\Default
2026-08-03 06:36:35.908: [INFO] MostRecentlyActiveProfile: name=Profile 1 path=D:\Final_Project_Workspace\.metadata\.plugins\org.eclipse.swt\EBWebView\Default lastActive=2026-07-30T04:04:16.704Z
2026-08-03 06:36:35.908: [INFO] OnDoneLoading sync enabled: 0
2026-08-03 06:36:35.908: [INFO] BookmarkModelLoaded, ids_reassigned: 0
2026-08-03 06:36:35.908: [INFO] BookmarksLoadDropped droppedNodes=0
2026-08-03 06:36:35.908: [INFO] BookmarksSnapshot Startup total=0 bar=0 other=0 mobile=0 showBar=0 showBarNTP=1
2026-08-03 06:36:49.881: [INFO] BookmarksSnapshot Shutdown total=0 bar=0 other=0 mobile=0 showBar=0 showBarNTP=1
2026-08-03 06:36:49.975: [INFO] CurrentProfilePath: D:\Final_Project_Workspace\.metadata\.plugins\org.eclipse.swt\EBWebView\Default
2026-08-03 06:36:49.975: [INFO] Profiles total count: 1
2026-08-03 06:36:49.975: [INFO] Profile: name=Profile 1 path=D:\Final_Project_Workspace\.metadata\.plugins\org.eclipse.swt\EBWebView\Default lastActive=2026-07-30T04:04:16.704Z
2026-08-03 06:36:49.975: [INFO] LastUsedProfileDir: D:\Final_Project_Workspace\.metadata\.plugins\org.eclipse.swt\EBWebView\Default
2026-08-03 06:36:49.975: [INFO] MostRecentlyActiveProfile: name=Profile 1 path=D:\Final_Project_Workspace\.metadata\.plugins\org.eclipse.swt\EBWebView\Default lastActive=2026-07-30T04:04:16.704Z
2026-08-03 06:36:49.975: [INFO] OnDoneLoading sync enabled: 0
2026-08-03 06:36:49.975: [INFO] BookmarkModelLoaded, ids_reassigned: 0
2026-08-03 06:36:49.975: [INFO] BookmarksLoadDropped droppedNodes=0
2026-08-03 06:36:49.975: [INFO] BookmarksSnapshot Startup total=0 bar=0 other=0 mobile=0 showBar=0 showBarNTP=1
2026-08-03 06:39:13.080: [INFO] BookmarksSnapshot Shutdown total=0 bar=0 other=0 mobile=0 showBar=0 showBarNTP=1
2026-08-03 06:39:13.163: [INFO] CurrentProfilePath: D:\Final_Project_Workspace\.metadata\.plugins\org.eclipse.swt\EBWebView\Default
2026-08-03 06:39:13.163: [INFO] Profiles total count: 1
2026-08-03 06:39:13.163: [INFO] Profile: name=Profile 1 path=D:\Final_Project_Workspace\.metadata\.plugins\org.eclipse.swt\EBWebView\Default lastActive=2026-07-30T04:04:16.704Z
2026-08-03 06:39:13.163: [INFO] LastUsedProfileDir: D:\Final_Project_Workspace\.metadata\.plugins\org.eclipse.swt\EBWebView\Default
2026-08-03 06:39:13.163: [INFO] MostRecentlyActiveProfile: name=Profile 1 path=D:\Final_Project_Workspace\.metadata\.plugins\org.eclipse.swt\EBWebView\Default lastActive=2026-07-30T04:04:16.704Z
2026-08-03 06:39:13.163: [INFO] OnDoneLoading sync enabled: 0
2026-08-03 06:39:13.163: [INFO] BookmarkModelLoaded, ids_reassigned: 0
2026-08-03 06:39:13.163: [INFO] BookmarksLoadDropped droppedNodes=0
2026-08-03 06:39:13.163: [INFO] BookmarksSnapshot Startup total=0 bar=0 other=0 mobile=0 showBar=0 showBarNTP=1
2026-08-03 13:55:14.248: [INFO] BookmarksSnapshot Shutdown total=0 bar=0 other=0 mobile=0 showBar=0 showBarNTP=1
2026-08-03 14:30:09.145: [INFO] CurrentProfilePath: D:\Final_Project_Workspace\.metadata\.plugins\org.eclipse.swt\EBWebView\Default
2026-08-03 14:30:09.145: [INFO] Profiles total count: 1
2026-08-03 14:30:09.145: [INFO] Profile: name=Profile 1 path=D:\Final_Project_Workspace\.metadata\.plugins\org.eclipse.swt\EBWebView\Default lastActive=2026-07-30T04:04:16.704Z
2026-08-03 14:30:09.145: [INFO] LastUsedProfileDir: D:\Final_Project_Workspace\.metadata\.plugins\org.eclipse.swt\EBWebView\Default
2026-08-03 14:30:09.145: [INFO] MostRecentlyActiveProfile: name=Profile 1 path=D:\Final_Project_Workspace\.metadata\.plugins\org.eclipse.swt\EBWebView\Default lastActive=2026-07-30T04:04:16.704Z
2026-08-03 14:30:09.145: [INFO] OnDoneLoading sync enabled: 0
2026-08-03 14:30:09.145: [INFO] BookmarkModelLoaded, ids_reassigned: 0
2026-08-03 14:30:09.145: [INFO] BookmarksLoadDropped droppedNodes=0
2026-08-03 14:30:09.145: [INFO] BookmarksSnapshot Startup total=0 bar=0 other=0 mobile=0 showBar=0 showBarNTP=1
2026-08-03 16:41:25.752: [INFO] BookmarksSnapshot Shutdown total=0 bar=0 other=0 mobile=0 showBar=0 showBarNTP=1
2026-08-04 03:01:46.242: [INFO] CurrentProfilePath: D:\Final_Project_Workspace\.metadata\.plugins\org.eclipse.swt\EBWebView\Default
2026-08-04 03:01:46.242: [INFO] Profiles total count: 1
2026-08-04 03:01:46.242: [INFO] Profile: name=Profile 1 path=D:\Final_Project_Workspace\.metadata\.plugins\org.eclipse.swt\EBWebView\Default lastActive=2026-07-30T04:04:16.704Z
2026-08-04 03:01:46.242: [INFO] LastUsedProfileDir: D:\Final_Project_Workspace\.metadata\.plugins\org.eclipse.swt\EBWebView\Default
2026-08-04 03:01:46.242: [INFO] MostRecentlyActiveProfile: name=Profile 1 path=D:\Final_Project_Workspace\.metadata\.plugins\org.eclipse.swt\EBWebView\Default lastActive=2026-07-30T04:04:16.704Z
2026-08-04 03:01:46.242: [INFO] OnDoneLoading sync enabled: 0
2026-08-04 03:01:46.242: [INFO] BookmarkModelLoaded, ids_reassigned: 0
2026-08-04 03:01:46.242: [INFO] BookmarksLoadDropped droppedNodes=0
2026-08-04 03:01:46.242: [INFO] BookmarksSnapshot Startup total=0 bar=0 other=0 mobile=0 showBar=0 showBarNTP=1
2026-08-04 04:48:40.877: [INFO] BookmarksSnapshot Shutdown total=0 bar=0 other=0 mobile=0 showBar=0 showBarNTP=1
2026-08-06 12:40:36.884: [INFO] CurrentProfilePath: D:\Final_Project_Workspace\.metadata\.plugins\org.eclipse.swt\EBWebView\Default
2026-08-06 12:40:36.884: [INFO] Profiles total count: 1
2026-08-06 12:40:36.885: [INFO] Profile: name=Profile 1 path=D:\Final_Project_Workspace\.metadata\.plugins\org.eclipse.swt\EBWebView\Default lastActive=2026-07-30T04:04:16.704Z
2026-08-06 12:40:36.885: [INFO] LastUsedProfileDir: D:\Final_Project_Workspace\.metadata\.plugins\org.eclipse.swt\EBWebView\Default
2026-08-06 12:40:36.885: [INFO] MostRecentlyActiveProfile: name=Profile 1 path=D:\Final_Project_Workspace\.metadata\.plugins\org.eclipse.swt\EBWebView\Default lastActive=2026-07-30T04:04:16.704Z
2026-08-06 12:40:36.885: [INFO] OnDoneLoading sync enabled: 0
2026-08-06 12:40:36.885: [INFO] BookmarkModelLoaded, ids_reassigned: 0
2026-08-06 12:40:36.885: [INFO] BookmarksLoadDropped droppedNodes=0
2026-08-06 12:40:36.885: [INFO] BookmarksSnapshot Startup total=0 bar=0 other=0 mobile=0 showBar=0 showBarNTP=1
2026-08-06 12:41:16.682: [INFO] BookmarksSnapshot Shutdown total=0 bar=0 other=0 mobile=0 showBar=0 showBarNTP=1
