2026-08-06 09:26:36.968 +05:30 [INF]  e-Tour API starting up
2026-08-06 09:26:37.718 +05:30 [INF]  Images served from D:\.NET Project\ETour.Api\images. Java service expected at http://localhost:8081
2026-08-06 09:26:37.778 +05:30 [INF] ETour.Api.Service.TourCompletionWorker Tour completion sweep scheduled daily at "07:00:00.0000000"
2026-08-06 09:26:37.969 +05:30 [INF] Microsoft.Hosting.Lifetime Now listening on: http://localhost:5000
2026-08-06 09:26:38.017 +05:30 [INF] Microsoft.Hosting.Lifetime Application started. Press Ctrl+C to shut down.
2026-08-06 09:26:38.018 +05:30 [INF] Microsoft.Hosting.Lifetime Hosting environment: Development
2026-08-06 09:26:38.020 +05:30 [INF] Microsoft.Hosting.Lifetime Content root path: D:\.NET Project\ETour.Api
2026-08-06 09:30:54.305 +05:30 [INF] Serilog.AspNetCore.RequestLoggingMiddleware GET /images/tours/kerala-backwaters.png responded 200 in 89.2 ms
2026-08-06 09:30:55.668 +05:30 [WRN] LuckyPennySoftware.AutoMapper.License You do not have a valid license key for the Lucky Penny software AutoMapper. This is allowed for development and testing scenarios. If you are running in production you are required to have a licensed version. Please visit https://luckypennysoftware.com to obtain a valid license.
2026-08-06 09:30:56.592 +05:30 [INF] Microsoft.EntityFrameworkCore.Database.Command Executed DbCommand (17ms) [Parameters=[], CommandType='"Text"', CommandTimeout='30']
SELECT `f`.`feedback_id`, `f`.`category`, `f`.`created_at`, `f`.`email`, `f`.`message`, `f`.`name`, `f`.`page_url`, `f`.`published`, `f`.`rating`, `f`.`status`, `f`.`user_id`
FROM `feedback` AS `f`
WHERE `f`.`published`
ORDER BY `f`.`feedback_id` DESC
2026-08-06 09:30:56.592 +05:30 [INF] Microsoft.EntityFrameworkCore.Database.Command Executed DbCommand (17ms) [Parameters=[], CommandType='"Text"', CommandTimeout='30']
SELECT `t`.`tour_id`, `t`.`add_ons`, `t`.`category_id`, `t`.`days`, `t`.`description`, `t`.`destination`, `t`.`do_and_dont`, `t`.`location`, `t`.`nights`, `t`.`passport_and_visa`, `t`.`price`, `t`.`stay_and_meals`, `t`.`subcat_id`, `t`.`tour_name`, `t`.`tour_type`, `t`.`weather`
FROM `tour` AS `t`
ORDER BY `t`.`tour_id`
2026-08-06 09:30:56.592 +05:30 [INF] Microsoft.EntityFrameworkCore.Database.Command Executed DbCommand (17ms) [Parameters=[], CommandType='"Text"', CommandTimeout='30']
SELECT `c`.`category_id`, `c`.`cat_code`, `c`.`cat_image_path`, `c`.`category_name`, `c`.`description`, `c`.`flag`, `c`.`parent_id`, `c`.`status`, `c`.`suitable_for`
FROM `category` AS `c`
WHERE `c`.`parent_id` IS NULL
ORDER BY `c`.`category_id`
2026-08-06 09:30:56.636 +05:30 [INF] Microsoft.EntityFrameworkCore.Database.Command Executed DbCommand (6ms) [Parameters=[], CommandType='"Text"', CommandTimeout='30']
SELECT `c`.`category_id`, `c`.`cat_code`, `c`.`cat_image_path`, `c`.`category_name`, `c`.`description`, `c`.`flag`, `c`.`parent_id`, `c`.`status`, `c`.`suitable_for`
FROM `category` AS `c`
2026-08-06 09:30:56.638 +05:30 [INF] Serilog.AspNetCore.RequestLoggingMiddleware GET /api/feedback/published responded 200 in 2575.1 ms
2026-08-06 09:30:56.651 +05:30 [INF] Microsoft.EntityFrameworkCore.Database.Command Executed DbCommand (1ms) [Parameters=[], CommandType='"Text"', CommandTimeout='30']
SELECT `t`.`tour_id` AS `TourId`, `t`.`category_id` AS `CategoryId`
FROM `tour` AS `t`
2026-08-06 09:30:56.677 +05:30 [INF] Serilog.AspNetCore.RequestLoggingMiddleware GET /api/categories/roots responded 200 in 2613.8 ms
2026-08-06 09:30:56.685 +05:30 [INF] Microsoft.EntityFrameworkCore.Database.Command Executed DbCommand (1ms) [Parameters=[], CommandType='"Text"', CommandTimeout='30']
SELECT `c`.`tour_id` AS `TourId`, MIN(`c`.`adult_price`) AS `Min`
FROM `cost` AS `c`
WHERE `c`.`tour_id` IS NOT NULL AND (`c`.`adult_price` IS NOT NULL)
GROUP BY `c`.`tour_id`
2026-08-06 09:30:56.712 +05:30 [INF] Microsoft.EntityFrameworkCore.Database.Command Executed DbCommand (2ms) [Parameters=[], CommandType='"Text"', CommandTimeout='30']
SELECT `r`.`tour_id` AS `TourId`, AVG(CAST(`r`.`rating` AS double)) AS `Avg`, CAST(COUNT(*) AS signed) AS `Count`
FROM `review` AS `r`
WHERE `r`.`tour_id` IS NOT NULL AND (`r`.`rating` IS NOT NULL)
GROUP BY `r`.`tour_id`
2026-08-06 09:30:56.723 +05:30 [INF] Microsoft.EntityFrameworkCore.Database.Command Executed DbCommand (1ms) [Parameters=[], CommandType='"Text"', CommandTimeout='30']
SELECT `c`.`category_id`, `c`.`cat_code`, `c`.`cat_image_path`, `c`.`category_name`, `c`.`description`, `c`.`flag`, `c`.`parent_id`, `c`.`status`, `c`.`suitable_for`
FROM `category` AS `c`
WHERE `c`.`parent_id` IS NULL
ORDER BY `c`.`category_id`
2026-08-06 09:30:56.724 +05:30 [INF] Microsoft.EntityFrameworkCore.Database.Command Executed DbCommand (2ms) [Parameters=[], CommandType='"Text"', CommandTimeout='30']
SELECT `f`.`feedback_id`, `f`.`category`, `f`.`created_at`, `f`.`email`, `f`.`message`, `f`.`name`, `f`.`page_url`, `f`.`published`, `f`.`rating`, `f`.`status`, `f`.`user_id`
FROM `feedback` AS `f`
WHERE `f`.`published`
ORDER BY `f`.`feedback_id` DESC
2026-08-06 09:30:56.726 +05:30 [INF] Microsoft.EntityFrameworkCore.Database.Command Executed DbCommand (1ms) [Parameters=[], CommandType='"Text"', CommandTimeout='30']
SELECT `c`.`category_id`, `c`.`cat_code`, `c`.`cat_image_path`, `c`.`category_name`, `c`.`description`, `c`.`flag`, `c`.`parent_id`, `c`.`status`, `c`.`suitable_for`
FROM `category` AS `c`
2026-08-06 09:30:56.727 +05:30 [INF] Serilog.AspNetCore.RequestLoggingMiddleware GET /api/feedback/published responded 200 in 82.8 ms
2026-08-06 09:30:56.731 +05:30 [INF] Microsoft.EntityFrameworkCore.Database.Command Executed DbCommand (1ms) [Parameters=[], CommandType='"Text"', CommandTimeout='30']
SELECT `t`.`tour_id` AS `TourId`, `t`.`category_id` AS `CategoryId`
FROM `tour` AS `t`
2026-08-06 09:30:56.735 +05:30 [INF] Serilog.AspNetCore.RequestLoggingMiddleware GET /api/categories/roots responded 200 in 52.1 ms
2026-08-06 09:30:56.740 +05:30 [INF] Microsoft.EntityFrameworkCore.Database.Command Executed DbCommand (1ms) [Parameters=[], CommandType='"Text"', CommandTimeout='30']
SELECT `t`.`tour_id` AS `TourId`, (
    SELECT `t0`.`source`
    FROM `tour_images` AS `t0`
    WHERE (`t0`.`is_primary` AND (`t0`.`tour_id` IS NOT NULL)) AND (`t`.`tour_id` = `t0`.`tour_id`)
    LIMIT 1) AS `Source`
FROM `tour_images` AS `t`
WHERE `t`.`is_primary` AND (`t`.`tour_id` IS NOT NULL)
GROUP BY `t`.`tour_id`
2026-08-06 09:30:56.754 +05:30 [INF] Serilog.AspNetCore.RequestLoggingMiddleware GET /api/tours responded 200 in 2690.4 ms
2026-08-06 09:30:56.765 +05:30 [INF] Microsoft.EntityFrameworkCore.Database.Command Executed DbCommand (1ms) [Parameters=[], CommandType='"Text"', CommandTimeout='30']
SELECT `t`.`tour_id`, `t`.`add_ons`, `t`.`category_id`, `t`.`days`, `t`.`description`, `t`.`destination`, `t`.`do_and_dont`, `t`.`location`, `t`.`nights`, `t`.`passport_and_visa`, `t`.`price`, `t`.`stay_and_meals`, `t`.`subcat_id`, `t`.`tour_name`, `t`.`tour_type`, `t`.`weather`
FROM `tour` AS `t`
ORDER BY `t`.`tour_id`
2026-08-06 09:30:56.769 +05:30 [INF] Microsoft.EntityFrameworkCore.Database.Command Executed DbCommand (1ms) [Parameters=[], CommandType='"Text"', CommandTimeout='30']
SELECT `c`.`tour_id` AS `TourId`, MIN(`c`.`adult_price`) AS `Min`
FROM `cost` AS `c`
WHERE `c`.`tour_id` IS NOT NULL AND (`c`.`adult_price` IS NOT NULL)
GROUP BY `c`.`tour_id`
2026-08-06 09:30:56.774 +05:30 [INF] Microsoft.EntityFrameworkCore.Database.Command Executed DbCommand (1ms) [Parameters=[], CommandType='"Text"', CommandTimeout='30']
SELECT `r`.`tour_id` AS `TourId`, AVG(CAST(`r`.`rating` AS double)) AS `Avg`, CAST(COUNT(*) AS signed) AS `Count`
FROM `review` AS `r`
WHERE `r`.`tour_id` IS NOT NULL AND (`r`.`rating` IS NOT NULL)
GROUP BY `r`.`tour_id`
2026-08-06 09:30:56.781 +05:30 [INF] Microsoft.EntityFrameworkCore.Database.Command Executed DbCommand (1ms) [Parameters=[], CommandType='"Text"', CommandTimeout='30']
SELECT `t`.`tour_id` AS `TourId`, (
    SELECT `t0`.`source`
    FROM `tour_images` AS `t0`
    WHERE (`t0`.`is_primary` AND (`t0`.`tour_id` IS NOT NULL)) AND (`t`.`tour_id` = `t0`.`tour_id`)
    LIMIT 1) AS `Source`
FROM `tour_images` AS `t`
WHERE `t`.`is_primary` AND (`t`.`tour_id` IS NOT NULL)
GROUP BY `t`.`tour_id`
2026-08-06 09:30:56.792 +05:30 [INF] Serilog.AspNetCore.RequestLoggingMiddleware GET /api/tours responded 200 in 33.2 ms
2026-08-06 09:30:56.799 +05:30 [INF] Serilog.AspNetCore.RequestLoggingMiddleware GET /images/tours/himalayas-leh.png responded 200 in 31.6 ms
2026-08-06 09:30:56.805 +05:30 [INF] Serilog.AspNetCore.RequestLoggingMiddleware GET /images/tours/goa-festival.png responded 200 in 38.3 ms
2026-08-06 09:30:56.810 +05:30 [INF] Serilog.AspNetCore.RequestLoggingMiddleware GET /images/tours/rajasthan-palace.png responded 200 in 37.8 ms
2026-08-06 09:31:45.400 +05:30 [INF] Serilog.AspNetCore.RequestLoggingMiddleware GET /images/tours/bali-temple.png responded 200 in 32.3 ms
2026-08-06 09:31:45.405 +05:30 [INF] Serilog.AspNetCore.RequestLoggingMiddleware GET /images/tours/middle-east-desert.png responded 200 in 36.6 ms
2026-08-06 09:31:46.307 +05:30 [INF] Microsoft.EntityFrameworkCore.Database.Command Executed DbCommand (1ms) [Parameters=[], CommandType='"Text"', CommandTimeout='30']
SELECT `f`.`feedback_id`, `f`.`category`, `f`.`created_at`, `f`.`email`, `f`.`message`, `f`.`name`, `f`.`page_url`, `f`.`published`, `f`.`rating`, `f`.`status`, `f`.`user_id`
FROM `feedback` AS `f`
WHERE `f`.`published`
ORDER BY `f`.`feedback_id` DESC
2026-08-06 09:31:46.307 +05:30 [INF] Microsoft.EntityFrameworkCore.Database.Command Executed DbCommand (1ms) [Parameters=[], CommandType='"Text"', CommandTimeout='30']
SELECT `t`.`tour_id`, `t`.`add_ons`, `t`.`category_id`, `t`.`days`, `t`.`description`, `t`.`destination`, `t`.`do_and_dont`, `t`.`location`, `t`.`nights`, `t`.`passport_and_visa`, `t`.`price`, `t`.`stay_and_meals`, `t`.`subcat_id`, `t`.`tour_name`, `t`.`tour_type`, `t`.`weather`
FROM `tour` AS `t`
ORDER BY `t`.`tour_id`
2026-08-06 09:31:46.309 +05:30 [INF] Microsoft.EntityFrameworkCore.Database.Command Executed DbCommand (2ms) [Parameters=[], CommandType='"Text"', CommandTimeout='30']
SELECT `c`.`category_id`, `c`.`cat_code`, `c`.`cat_image_path`, `c`.`category_name`, `c`.`description`, `c`.`flag`, `c`.`parent_id`, `c`.`status`, `c`.`suitable_for`
FROM `category` AS `c`
WHERE `c`.`parent_id` IS NULL
ORDER BY `c`.`category_id`
2026-08-06 09:31:46.310 +05:30 [INF] Serilog.AspNetCore.RequestLoggingMiddleware GET /api/feedback/published responded 200 in 13.6 ms
2026-08-06 09:31:46.339 +05:30 [INF] Microsoft.EntityFrameworkCore.Database.Command Executed DbCommand (25ms) [Parameters=[], CommandType='"Text"', CommandTimeout='30']
SELECT `c`.`tour_id` AS `TourId`, MIN(`c`.`adult_price`) AS `Min`
FROM `cost` AS `c`
WHERE `c`.`tour_id` IS NOT NULL AND (`c`.`adult_price` IS NOT NULL)
GROUP BY `c`.`tour_id`
2026-08-06 09:31:46.340 +05:30 [INF] Microsoft.EntityFrameworkCore.Database.Command Executed DbCommand (1ms) [Parameters=[], CommandType='"Text"', CommandTimeout='30']
SELECT `c`.`category_id`, `c`.`cat_code`, `c`.`cat_image_path`, `c`.`category_name`, `c`.`description`, `c`.`flag`, `c`.`parent_id`, `c`.`status`, `c`.`suitable_for`
FROM `category` AS `c`
2026-08-06 09:31:46.346 +05:30 [INF] Microsoft.EntityFrameworkCore.Database.Command Executed DbCommand (1ms) [Parameters=[], CommandType='"Text"', CommandTimeout='30']
SELECT `f`.`feedback_id`, `f`.`category`, `f`.`created_at`, `f`.`email`, `f`.`message`, `f`.`name`, `f`.`page_url`, `f`.`published`, `f`.`rating`, `f`.`status`, `f`.`user_id`
FROM `feedback` AS `f`
WHERE `f`.`published`
ORDER BY `f`.`feedback_id` DESC
2026-08-06 09:31:46.347 +05:30 [INF] Microsoft.EntityFrameworkCore.Database.Command Executed DbCommand (1ms) [Parameters=[], CommandType='"Text"', CommandTimeout='30']
SELECT `r`.`tour_id` AS `TourId`, AVG(CAST(`r`.`rating` AS double)) AS `Avg`, CAST(COUNT(*) AS signed) AS `Count`
FROM `review` AS `r`
WHERE `r`.`tour_id` IS NOT NULL AND (`r`.`rating` IS NOT NULL)
GROUP BY `r`.`tour_id`
2026-08-06 09:31:46.347 +05:30 [INF] Microsoft.EntityFrameworkCore.Database.Command Executed DbCommand (1ms) [Parameters=[], CommandType='"Text"', CommandTimeout='30']
SELECT `t`.`tour_id` AS `TourId`, `t`.`category_id` AS `CategoryId`
FROM `tour` AS `t`
2026-08-06 09:31:46.349 +05:30 [INF] Serilog.AspNetCore.RequestLoggingMiddleware GET /api/feedback/published responded 200 in 9.8 ms
2026-08-06 09:31:46.353 +05:30 [INF] Serilog.AspNetCore.RequestLoggingMiddleware GET /api/categories/roots responded 200 in 56.5 ms
2026-08-06 09:31:46.355 +05:30 [INF] Microsoft.EntityFrameworkCore.Database.Command Executed DbCommand (3ms) [Parameters=[], CommandType='"Text"', CommandTimeout='30']
SELECT `t`.`tour_id` AS `TourId`, (
    SELECT `t0`.`source`
    FROM `tour_images` AS `t0`
    WHERE (`t0`.`is_primary` AND (`t0`.`tour_id` IS NOT NULL)) AND (`t`.`tour_id` = `t0`.`tour_id`)
    LIMIT 1) AS `Source`
FROM `tour_images` AS `t`
WHERE `t`.`is_primary` AND (`t`.`tour_id` IS NOT NULL)
GROUP BY `t`.`tour_id`
2026-08-06 09:31:46.362 +05:30 [INF] Serilog.AspNetCore.RequestLoggingMiddleware GET /api/tours responded 200 in 64.9 ms
2026-08-06 09:31:46.367 +05:30 [INF] Microsoft.EntityFrameworkCore.Database.Command Executed DbCommand (1ms) [Parameters=[], CommandType='"Text"', CommandTimeout='30']
SELECT `c`.`category_id`, `c`.`cat_code`, `c`.`cat_image_path`, `c`.`category_name`, `c`.`description`, `c`.`flag`, `c`.`parent_id`, `c`.`status`, `c`.`suitable_for`
FROM `category` AS `c`
WHERE `c`.`parent_id` IS NULL
ORDER BY `c`.`category_id`
2026-08-06 09:31:46.378 +05:30 [INF] Microsoft.EntityFrameworkCore.Database.Command Executed DbCommand (2ms) [Parameters=[], CommandType='"Text"', CommandTimeout='30']
SELECT `t`.`tour_id`, `t`.`add_ons`, `t`.`category_id`, `t`.`days`, `t`.`description`, `t`.`destination`, `t`.`do_and_dont`, `t`.`location`, `t`.`nights`, `t`.`passport_and_visa`, `t`.`price`, `t`.`stay_and_meals`, `t`.`subcat_id`, `t`.`tour_name`, `t`.`tour_type`, `t`.`weather`
FROM `tour` AS `t`
ORDER BY `t`.`tour_id`
2026-08-06 09:31:46.379 +05:30 [INF] Microsoft.EntityFrameworkCore.Database.Command Executed DbCommand (1ms) [Parameters=[], CommandType='"Text"', CommandTimeout='30']
SELECT `c`.`category_id`, `c`.`cat_code`, `c`.`cat_image_path`, `c`.`category_name`, `c`.`description`, `c`.`flag`, `c`.`parent_id`, `c`.`status`, `c`.`suitable_for`
FROM `category` AS `c`
2026-08-06 09:31:46.383 +05:30 [INF] Microsoft.EntityFrameworkCore.Database.Command Executed DbCommand (1ms) [Parameters=[], CommandType='"Text"', CommandTimeout='30']
SELECT `c`.`tour_id` AS `TourId`, MIN(`c`.`adult_price`) AS `Min`
FROM `cost` AS `c`
WHERE `c`.`tour_id` IS NOT NULL AND (`c`.`adult_price` IS NOT NULL)
GROUP BY `c`.`tour_id`
2026-08-06 09:31:46.386 +05:30 [INF] Microsoft.EntityFrameworkCore.Database.Command Executed DbCommand (2ms) [Parameters=[], CommandType='"Text"', CommandTimeout='30']
SELECT `t`.`tour_id` AS `TourId`, `t`.`category_id` AS `CategoryId`
FROM `tour` AS `t`
2026-08-06 09:31:46.391 +05:30 [INF] Serilog.AspNetCore.RequestLoggingMiddleware GET /api/categories/roots responded 200 in 31.3 ms
2026-08-06 09:31:46.394 +05:30 [INF] Microsoft.EntityFrameworkCore.Database.Command Executed DbCommand (1ms) [Parameters=[], CommandType='"Text"', CommandTimeout='30']
SELECT `r`.`tour_id` AS `TourId`, AVG(CAST(`r`.`rating` AS double)) AS `Avg`, CAST(COUNT(*) AS signed) AS `Count`
FROM `review` AS `r`
WHERE `r`.`tour_id` IS NOT NULL AND (`r`.`rating` IS NOT NULL)
GROUP BY `r`.`tour_id`
2026-08-06 09:31:46.399 +05:30 [INF] Serilog.AspNetCore.RequestLoggingMiddleware GET /images/tours/europe-alps.png responded 200 in 17.0 ms
2026-08-06 09:31:46.399 +05:30 [INF] Serilog.AspNetCore.RequestLoggingMiddleware GET /images/tours/monsoon-waterfall.png responded 200 in 17.3 ms
2026-08-06 09:31:46.413 +05:30 [INF] Microsoft.EntityFrameworkCore.Database.Command Executed DbCommand (2ms) [Parameters=[], CommandType='"Text"', CommandTimeout='30']
SELECT `t`.`tour_id` AS `TourId`, (
    SELECT `t0`.`source`
    FROM `tour_images` AS `t0`
    WHERE (`t0`.`is_primary` AND (`t0`.`tour_id` IS NOT NULL)) AND (`t`.`tour_id` = `t0`.`tour_id`)
    LIMIT 1) AS `Source`
FROM `tour_images` AS `t`
WHERE `t`.`is_primary` AND (`t`.`tour_id` IS NOT NULL)
GROUP BY `t`.`tour_id`
2026-08-06 09:31:46.425 +05:30 [INF] Serilog.AspNetCore.RequestLoggingMiddleware GET /api/tours responded 200 in 59.4 ms
2026-08-06 09:31:46.445 +05:30 [INF] Serilog.AspNetCore.RequestLoggingMiddleware GET /images/tours/char-dham.png responded 200 in 61.0 ms
2026-08-06 09:31:46.455 +05:30 [INF] Serilog.AspNetCore.RequestLoggingMiddleware GET /images/tours/cricket-stadium.png responded 200 in 72.7 ms
2026-08-06 09:31:46.469 +05:30 [INF] Serilog.AspNetCore.RequestLoggingMiddleware GET /images/tours/kashmir-dal-lake.png responded 200 in 14.9 ms
2026-08-06 09:31:46.470 +05:30 [INF] Serilog.AspNetCore.RequestLoggingMiddleware GET /images/tours/maldives-villa.png responded 200 in 16.2 ms
2026-08-06 10:07:07.599 +05:30 [INF]  e-Tour API starting up
2026-08-06 10:07:08.032 +05:30 [INF]  Images served from D:\.NET Project\ETour.Api\images. Java service expected at http://localhost:8081
2026-08-06 10:07:08.076 +05:30 [INF] ETour.Api.Service.TourCompletionWorker Tour completion sweep scheduled daily at "07:00:00.0000000"
2026-08-06 10:07:08.204 +05:30 [INF] Microsoft.Hosting.Lifetime Now listening on: http://localhost:5000
2026-08-06 10:07:08.248 +05:30 [INF] Microsoft.Hosting.Lifetime Application started. Press Ctrl+C to shut down.
2026-08-06 10:07:08.250 +05:30 [INF] Microsoft.Hosting.Lifetime Hosting environment: Development
2026-08-06 10:07:08.251 +05:30 [INF] Microsoft.Hosting.Lifetime Content root path: D:\.NET Project\ETour.Api
2026-08-06 16:01:31.742 +05:30 [INF]  e-Tour API starting up
2026-08-06 16:01:32.184 +05:30 [INF]  Images served from D:\Final_Project_Workspace\ETour-DotNet\images. Java service expected at http://localhost:8081
2026-08-06 16:01:32.230 +05:30 [INF] ETour.Api.Service.TourCompletionWorker Tour completion sweep scheduled daily at "07:00:00.0000000"
2026-08-06 16:01:32.329 +05:30 [INF] Microsoft.Hosting.Lifetime Now listening on: http://localhost:5000
2026-08-06 16:01:32.331 +05:30 [INF] Microsoft.Hosting.Lifetime Application started. Press Ctrl+C to shut down.
2026-08-06 16:01:32.332 +05:30 [INF] Microsoft.Hosting.Lifetime Hosting environment: Development
2026-08-06 16:01:32.333 +05:30 [INF] Microsoft.Hosting.Lifetime Content root path: D:\Final_Project_Workspace\ETour-DotNet
2026-08-06 16:02:15.405 +05:30 [WRN] LuckyPennySoftware.AutoMapper.License You do not have a valid license key for the Lucky Penny software AutoMapper. This is allowed for development and testing scenarios. If you are running in production you are required to have a licensed version. Please visit https://luckypennysoftware.com to obtain a valid license.
2026-08-06 16:02:16.321 +05:30 [INF] Microsoft.EntityFrameworkCore.Database.Command Executed DbCommand (20ms) [Parameters=[], CommandType='"Text"', CommandTimeout='30']
SELECT `t`.`tour_id`, `t`.`add_ons`, `t`.`category_id`, `t`.`days`, `t`.`description`, `t`.`destination`, `t`.`do_and_dont`, `t`.`location`, `t`.`nights`, `t`.`passport_and_visa`, `t`.`price`, `t`.`stay_and_meals`, `t`.`subcat_id`, `t`.`tour_name`, `t`.`tour_type`, `t`.`weather`
FROM `tour` AS `t`
ORDER BY `t`.`tour_id`
2026-08-06 16:02:16.321 +05:30 [INF] Microsoft.EntityFrameworkCore.Database.Command Executed DbCommand (20ms) [Parameters=[], CommandType='"Text"', CommandTimeout='30']
SELECT `f`.`feedback_id`, `f`.`category`, `f`.`created_at`, `f`.`email`, `f`.`message`, `f`.`name`, `f`.`page_url`, `f`.`published`, `f`.`rating`, `f`.`status`, `f`.`user_id`
FROM `feedback` AS `f`
WHERE `f`.`published`
ORDER BY `f`.`feedback_id` DESC
2026-08-06 16:02:16.321 +05:30 [INF] Microsoft.EntityFrameworkCore.Database.Command Executed DbCommand (20ms) [Parameters=[], CommandType='"Text"', CommandTimeout='30']
SELECT `c`.`category_id`, `c`.`cat_code`, `c`.`cat_image_path`, `c`.`category_name`, `c`.`description`, `c`.`flag`, `c`.`parent_id`, `c`.`status`, `c`.`suitable_for`
FROM `category` AS `c`
WHERE `c`.`parent_id` IS NULL
ORDER BY `c`.`category_id`
2026-08-06 16:02:16.371 +05:30 [INF] Microsoft.EntityFrameworkCore.Database.Command Executed DbCommand (7ms) [Parameters=[], CommandType='"Text"', CommandTimeout='30']
SELECT `c`.`category_id`, `c`.`cat_code`, `c`.`cat_image_path`, `c`.`category_name`, `c`.`description`, `c`.`flag`, `c`.`parent_id`, `c`.`status`, `c`.`suitable_for`
FROM `category` AS `c`
2026-08-06 16:02:16.386 +05:30 [INF] Microsoft.EntityFrameworkCore.Database.Command Executed DbCommand (1ms) [Parameters=[], CommandType='"Text"', CommandTimeout='30']
SELECT `t`.`tour_id` AS `TourId`, `t`.`category_id` AS `CategoryId`
FROM `tour` AS `t`
2026-08-06 16:02:16.408 +05:30 [INF] Serilog.AspNetCore.RequestLoggingMiddleware GET /api/feedback/published responded 200 in 1477.7 ms
2026-08-06 16:02:16.421 +05:30 [INF] Microsoft.EntityFrameworkCore.Database.Command Executed DbCommand (2ms) [Parameters=[], CommandType='"Text"', CommandTimeout='30']
SELECT `c`.`tour_id` AS `TourId`, MIN(`c`.`adult_price`) AS `Min`
FROM `cost` AS `c`
WHERE `c`.`tour_id` IS NOT NULL AND (`c`.`adult_price` IS NOT NULL)
GROUP BY `c`.`tour_id`
2026-08-06 16:02:16.426 +05:30 [INF] Serilog.AspNetCore.RequestLoggingMiddleware GET /api/categories/roots responded 200 in 1499.8 ms
2026-08-06 16:02:16.453 +05:30 [INF] Microsoft.EntityFrameworkCore.Database.Command Executed DbCommand (3ms) [Parameters=[], CommandType='"Text"', CommandTimeout='30']
SELECT `r`.`tour_id` AS `TourId`, AVG(CAST(`r`.`rating` AS double)) AS `Avg`, CAST(COUNT(*) AS signed) AS `Count`
FROM `review` AS `r`
WHERE `r`.`tour_id` IS NOT NULL AND (`r`.`rating` IS NOT NULL)
GROUP BY `r`.`tour_id`
2026-08-06 16:02:16.479 +05:30 [INF] Microsoft.EntityFrameworkCore.Database.Command Executed DbCommand (2ms) [Parameters=[], CommandType='"Text"', CommandTimeout='30']
SELECT `t`.`tour_id` AS `TourId`, (
    SELECT `t0`.`source`
    FROM `tour_images` AS `t0`
    WHERE (`t0`.`is_primary` AND (`t0`.`tour_id` IS NOT NULL)) AND (`t`.`tour_id` = `t0`.`tour_id`)
    LIMIT 1) AS `Source`
FROM `tour_images` AS `t`
WHERE `t`.`is_primary` AND (`t`.`tour_id` IS NOT NULL)
GROUP BY `t`.`tour_id`
2026-08-06 16:02:16.498 +05:30 [INF] Microsoft.EntityFrameworkCore.Database.Command Executed DbCommand (1ms) [Parameters=[], CommandType='"Text"', CommandTimeout='30']
SELECT `f`.`feedback_id`, `f`.`category`, `f`.`created_at`, `f`.`email`, `f`.`message`, `f`.`name`, `f`.`page_url`, `f`.`published`, `f`.`rating`, `f`.`status`, `f`.`user_id`
FROM `feedback` AS `f`
WHERE `f`.`published`
ORDER BY `f`.`feedback_id` DESC
2026-08-06 16:02:16.498 +05:30 [INF] Microsoft.EntityFrameworkCore.Database.Command Executed DbCommand (1ms) [Parameters=[], CommandType='"Text"', CommandTimeout='30']
SELECT `c`.`category_id`, `c`.`cat_code`, `c`.`cat_image_path`, `c`.`category_name`, `c`.`description`, `c`.`flag`, `c`.`parent_id`, `c`.`status`, `c`.`suitable_for`
FROM `category` AS `c`
WHERE `c`.`parent_id` IS NULL
ORDER BY `c`.`category_id`
2026-08-06 16:02:16.501 +05:30 [INF] Serilog.AspNetCore.RequestLoggingMiddleware GET /api/feedback/published responded 200 in 87.7 ms
2026-08-06 16:02:16.504 +05:30 [INF] Serilog.AspNetCore.RequestLoggingMiddleware GET /api/tours responded 200 in 1578.0 ms
2026-08-06 16:02:16.504 +05:30 [INF] Microsoft.EntityFrameworkCore.Database.Command Executed DbCommand (1ms) [Parameters=[], CommandType='"Text"', CommandTimeout='30']
SELECT `c`.`category_id`, `c`.`cat_code`, `c`.`cat_image_path`, `c`.`category_name`, `c`.`description`, `c`.`flag`, `c`.`parent_id`, `c`.`status`, `c`.`suitable_for`
FROM `category` AS `c`
2026-08-06 16:02:16.511 +05:30 [INF] Microsoft.EntityFrameworkCore.Database.Command Executed DbCommand (1ms) [Parameters=[], CommandType='"Text"', CommandTimeout='30']
SELECT `t`.`tour_id` AS `TourId`, `t`.`category_id` AS `CategoryId`
FROM `tour` AS `t`
2026-08-06 16:02:16.514 +05:30 [INF] Serilog.AspNetCore.RequestLoggingMiddleware GET /api/categories/roots responded 200 in 81.3 ms
2026-08-06 16:02:16.515 +05:30 [INF] Microsoft.EntityFrameworkCore.Database.Command Executed DbCommand (1ms) [Parameters=[], CommandType='"Text"', CommandTimeout='30']
SELECT `t`.`tour_id`, `t`.`add_ons`, `t`.`category_id`, `t`.`days`, `t`.`description`, `t`.`destination`, `t`.`do_and_dont`, `t`.`location`, `t`.`nights`, `t`.`passport_and_visa`, `t`.`price`, `t`.`stay_and_meals`, `t`.`subcat_id`, `t`.`tour_name`, `t`.`tour_type`, `t`.`weather`
FROM `tour` AS `t`
ORDER BY `t`.`tour_id`
2026-08-06 16:02:16.520 +05:30 [INF] Microsoft.EntityFrameworkCore.Database.Command Executed DbCommand (1ms) [Parameters=[], CommandType='"Text"', CommandTimeout='30']
SELECT `c`.`tour_id` AS `TourId`, MIN(`c`.`adult_price`) AS `Min`
FROM `cost` AS `c`
WHERE `c`.`tour_id` IS NOT NULL AND (`c`.`adult_price` IS NOT NULL)
GROUP BY `c`.`tour_id`
2026-08-06 16:02:16.525 +05:30 [INF] Microsoft.EntityFrameworkCore.Database.Command Executed DbCommand (1ms) [Parameters=[], CommandType='"Text"', CommandTimeout='30']
SELECT `r`.`tour_id` AS `TourId`, AVG(CAST(`r`.`rating` AS double)) AS `Avg`, CAST(COUNT(*) AS signed) AS `Count`
FROM `review` AS `r`
WHERE `r`.`tour_id` IS NOT NULL AND (`r`.`rating` IS NOT NULL)
GROUP BY `r`.`tour_id`
2026-08-06 16:02:16.530 +05:30 [INF] Microsoft.EntityFrameworkCore.Database.Command Executed DbCommand (1ms) [Parameters=[], CommandType='"Text"', CommandTimeout='30']
SELECT `t`.`tour_id` AS `TourId`, (
    SELECT `t0`.`source`
    FROM `tour_images` AS `t0`
    WHERE (`t0`.`is_primary` AND (`t0`.`tour_id` IS NOT NULL)) AND (`t`.`tour_id` = `t0`.`tour_id`)
    LIMIT 1) AS `Source`
FROM `tour_images` AS `t`
WHERE `t`.`is_primary` AND (`t`.`tour_id` IS NOT NULL)
GROUP BY `t`.`tour_id`
2026-08-06 16:02:16.532 +05:30 [INF] Serilog.AspNetCore.RequestLoggingMiddleware GET /api/tours responded 200 in 22.6 ms
2026-08-06 16:02:20.571 +05:30 [INF] Microsoft.EntityFrameworkCore.Database.Command Executed DbCommand (1ms) [Parameters=[], CommandType='"Text"', CommandTimeout='30']
SELECT `t`.`tour_id`, `t`.`add_ons`, `t`.`category_id`, `t`.`days`, `t`.`description`, `t`.`destination`, `t`.`do_and_dont`, `t`.`location`, `t`.`nights`, `t`.`passport_and_visa`, `t`.`price`, `t`.`stay_and_meals`, `t`.`subcat_id`, `t`.`tour_name`, `t`.`tour_type`, `t`.`weather`
FROM `tour` AS `t`
ORDER BY `t`.`tour_id`
2026-08-06 16:02:20.571 +05:30 [INF] Microsoft.EntityFrameworkCore.Database.Command Executed DbCommand (1ms) [Parameters=[], CommandType='"Text"', CommandTimeout='30']
SELECT `f`.`feedback_id`, `f`.`category`, `f`.`created_at`, `f`.`email`, `f`.`message`, `f`.`name`, `f`.`page_url`, `f`.`published`, `f`.`rating`, `f`.`status`, `f`.`user_id`
FROM `feedback` AS `f`
WHERE `f`.`published`
ORDER BY `f`.`feedback_id` DESC
2026-08-06 16:02:20.571 +05:30 [INF] Microsoft.EntityFrameworkCore.Database.Command Executed DbCommand (1ms) [Parameters=[], CommandType='"Text"', CommandTimeout='30']
SELECT `c`.`category_id`, `c`.`cat_code`, `c`.`cat_image_path`, `c`.`category_name`, `c`.`description`, `c`.`flag`, `c`.`parent_id`, `c`.`status`, `c`.`suitable_for`
FROM `category` AS `c`
WHERE `c`.`parent_id` IS NULL
ORDER BY `c`.`category_id`
2026-08-06 16:02:20.578 +05:30 [INF] Microsoft.EntityFrameworkCore.Database.Command Executed DbCommand (1ms) [Parameters=[], CommandType='"Text"', CommandTimeout='30']
SELECT `c`.`tour_id` AS `TourId`, MIN(`c`.`adult_price`) AS `Min`
FROM `cost` AS `c`
WHERE `c`.`tour_id` IS NOT NULL AND (`c`.`adult_price` IS NOT NULL)
GROUP BY `c`.`tour_id`
2026-08-06 16:02:20.579 +05:30 [INF] Serilog.AspNetCore.RequestLoggingMiddleware GET /api/feedback/published responded 200 in 22.2 ms
2026-08-06 16:02:20.584 +05:30 [INF] Microsoft.EntityFrameworkCore.Database.Command Executed DbCommand (1ms) [Parameters=[], CommandType='"Text"', CommandTimeout='30']
SELECT `c`.`category_id`, `c`.`cat_code`, `c`.`cat_image_path`, `c`.`category_name`, `c`.`description`, `c`.`flag`, `c`.`parent_id`, `c`.`status`, `c`.`suitable_for`
FROM `category` AS `c`
2026-08-06 16:02:20.589 +05:30 [INF] Microsoft.EntityFrameworkCore.Database.Command Executed DbCommand (1ms) [Parameters=[], CommandType='"Text"', CommandTimeout='30']
SELECT `r`.`tour_id` AS `TourId`, AVG(CAST(`r`.`rating` AS double)) AS `Avg`, CAST(COUNT(*) AS signed) AS `Count`
FROM `review` AS `r`
WHERE `r`.`tour_id` IS NOT NULL AND (`r`.`rating` IS NOT NULL)
GROUP BY `r`.`tour_id`
2026-08-06 16:02:20.592 +05:30 [INF] Microsoft.EntityFrameworkCore.Database.Command Executed DbCommand (1ms) [Parameters=[], CommandType='"Text"', CommandTimeout='30']
SELECT `f`.`feedback_id`, `f`.`category`, `f`.`created_at`, `f`.`email`, `f`.`message`, `f`.`name`, `f`.`page_url`, `f`.`published`, `f`.`rating`, `f`.`status`, `f`.`user_id`
FROM `feedback` AS `f`
WHERE `f`.`published`
ORDER BY `f`.`feedback_id` DESC
2026-08-06 16:02:20.595 +05:30 [INF] Microsoft.EntityFrameworkCore.Database.Command Executed DbCommand (1ms) [Parameters=[], CommandType='"Text"', CommandTimeout='30']
SELECT `t`.`tour_id` AS `TourId`, `t`.`category_id` AS `CategoryId`
FROM `tour` AS `t`
2026-08-06 16:02:20.598 +05:30 [INF] Microsoft.EntityFrameworkCore.Database.Command Executed DbCommand (1ms) [Parameters=[], CommandType='"Text"', CommandTimeout='30']
SELECT `t`.`tour_id` AS `TourId`, (
    SELECT `t0`.`source`
    FROM `tour_images` AS `t0`
    WHERE (`t0`.`is_primary` AND (`t0`.`tour_id` IS NOT NULL)) AND (`t`.`tour_id` = `t0`.`tour_id`)
    LIMIT 1) AS `Source`
FROM `tour_images` AS `t`
WHERE `t`.`is_primary` AND (`t`.`tour_id` IS NOT NULL)
GROUP BY `t`.`tour_id`
2026-08-06 16:02:20.598 +05:30 [INF] Serilog.AspNetCore.RequestLoggingMiddleware GET /api/feedback/published responded 200 in 13.7 ms
2026-08-06 16:02:20.602 +05:30 [INF] Serilog.AspNetCore.RequestLoggingMiddleware GET /api/categories/roots responded 200 in 45.3 ms
2026-08-06 16:02:20.605 +05:30 [INF] Serilog.AspNetCore.RequestLoggingMiddleware GET /api/tours responded 200 in 46.0 ms
2026-08-06 16:02:20.618 +05:30 [INF] Microsoft.EntityFrameworkCore.Database.Command Executed DbCommand (1ms) [Parameters=[], CommandType='"Text"', CommandTimeout='30']
SELECT `c`.`category_id`, `c`.`cat_code`, `c`.`cat_image_path`, `c`.`category_name`, `c`.`description`, `c`.`flag`, `c`.`parent_id`, `c`.`status`, `c`.`suitable_for`
FROM `category` AS `c`
WHERE `c`.`parent_id` IS NULL
ORDER BY `c`.`category_id`
2026-08-06 16:02:20.623 +05:30 [INF] Microsoft.EntityFrameworkCore.Database.Command Executed DbCommand (1ms) [Parameters=[], CommandType='"Text"', CommandTimeout='30']
SELECT `c`.`category_id`, `c`.`cat_code`, `c`.`cat_image_path`, `c`.`category_name`, `c`.`description`, `c`.`flag`, `c`.`parent_id`, `c`.`status`, `c`.`suitable_for`
FROM `category` AS `c`
2026-08-06 16:02:20.623 +05:30 [INF] Microsoft.EntityFrameworkCore.Database.Command Executed DbCommand (1ms) [Parameters=[], CommandType='"Text"', CommandTimeout='30']
SELECT `t`.`tour_id`, `t`.`add_ons`, `t`.`category_id`, `t`.`days`, `t`.`description`, `t`.`destination`, `t`.`do_and_dont`, `t`.`location`, `t`.`nights`, `t`.`passport_and_visa`, `t`.`price`, `t`.`stay_and_meals`, `t`.`subcat_id`, `t`.`tour_name`, `t`.`tour_type`, `t`.`weather`
FROM `tour` AS `t`
ORDER BY `t`.`tour_id`
2026-08-06 16:02:20.637 +05:30 [INF] Microsoft.EntityFrameworkCore.Database.Command Executed DbCommand (1ms) [Parameters=[], CommandType='"Text"', CommandTimeout='30']
SELECT `t`.`tour_id` AS `TourId`, `t`.`category_id` AS `CategoryId`
FROM `tour` AS `t`
2026-08-06 16:02:20.643 +05:30 [INF] Microsoft.EntityFrameworkCore.Database.Command Executed DbCommand (1ms) [Parameters=[], CommandType='"Text"', CommandTimeout='30']
SELECT `c`.`tour_id` AS `TourId`, MIN(`c`.`adult_price`) AS `Min`
FROM `cost` AS `c`
WHERE `c`.`tour_id` IS NOT NULL AND (`c`.`adult_price` IS NOT NULL)
GROUP BY `c`.`tour_id`
2026-08-06 16:02:20.644 +05:30 [INF] Serilog.AspNetCore.RequestLoggingMiddleware GET /api/categories/roots responded 200 in 36.6 ms
2026-08-06 16:02:20.650 +05:30 [INF] Microsoft.EntityFrameworkCore.Database.Command Executed DbCommand (2ms) [Parameters=[], CommandType='"Text"', CommandTimeout='30']
SELECT `r`.`tour_id` AS `TourId`, AVG(CAST(`r`.`rating` AS double)) AS `Avg`, CAST(COUNT(*) AS signed) AS `Count`
FROM `review` AS `r`
WHERE `r`.`tour_id` IS NOT NULL AND (`r`.`rating` IS NOT NULL)
GROUP BY `r`.`tour_id`
2026-08-06 16:02:20.657 +05:30 [INF] Microsoft.EntityFrameworkCore.Database.Command Executed DbCommand (2ms) [Parameters=[], CommandType='"Text"', CommandTimeout='30']
SELECT `t`.`tour_id` AS `TourId`, (
    SELECT `t0`.`source`
    FROM `tour_images` AS `t0`
    WHERE (`t0`.`is_primary` AND (`t0`.`tour_id` IS NOT NULL)) AND (`t`.`tour_id` = `t0`.`tour_id`)
    LIMIT 1) AS `Source`
FROM `tour_images` AS `t`
WHERE `t`.`is_primary` AND (`t`.`tour_id` IS NOT NULL)
GROUP BY `t`.`tour_id`
2026-08-06 16:02:20.661 +05:30 [INF] Serilog.AspNetCore.RequestLoggingMiddleware GET /api/tours responded 200 in 45.6 ms
2026-08-06 16:02:24.361 +05:30 [INF] Serilog.AspNetCore.RequestLoggingMiddleware GET /api/auth/providers responded 200 in 11.5 ms
2026-08-06 16:02:24.372 +05:30 [INF] Serilog.AspNetCore.RequestLoggingMiddleware GET /api/auth/providers responded 200 in 4.1 ms
