2026-08-10 13:19:18.598 +05:30 [INF]  e-Tour API starting up
2026-08-10 13:19:19.667 +05:30 [INF]  Images served from D:\Final_Project_Workspace\ETour-DotNet\images. Java service expected at http://localhost:8081
2026-08-10 13:19:19.741 +05:30 [INF] ETour.Api.Service.TourCompletionWorker Tour completion sweep scheduled daily at "07:00:00.0000000"
2026-08-10 13:19:20.130 +05:30 [ERR] Microsoft.Extensions.Hosting.Internal.Host Hosting failed to start
System.IO.IOException: Failed to bind to address http://[::1]:5000: address already in use.
 ---> Microsoft.AspNetCore.Connections.AddressInUseException: Only one usage of each socket address (protocol/network address/port) is normally permitted.
 ---> System.Net.Sockets.SocketException (10048): Only one usage of each socket address (protocol/network address/port) is normally permitted.
   at System.Net.Sockets.Socket.UpdateStatusAfterSocketErrorAndThrowException(SocketError error, Boolean disconnectOnFailure, String callerName)
   at System.Net.Sockets.Socket.DoBind(EndPoint endPointSnapshot, SocketAddress socketAddress)
   at System.Net.Sockets.Socket.Bind(EndPoint localEP)
   at Microsoft.AspNetCore.Server.Kestrel.Transport.Sockets.SocketTransportOptions.CreateDefaultBoundListenSocket(EndPoint endpoint)
   at Microsoft.AspNetCore.Server.Kestrel.Transport.Sockets.SocketConnectionListener.Bind()
   --- End of inner exception stack trace ---
   at Microsoft.AspNetCore.Server.Kestrel.Transport.Sockets.SocketConnectionListener.Bind()
   at Microsoft.AspNetCore.Server.Kestrel.Transport.Sockets.SocketTransportFactory.BindAsync(EndPoint endpoint, CancellationToken cancellationToken)
   at Microsoft.AspNetCore.Server.Kestrel.Core.Internal.Infrastructure.TransportManager.BindAsync(EndPoint endPoint, ConnectionDelegate connectionDelegate, EndpointConfig endpointConfig, CancellationToken cancellationToken)
   at Microsoft.AspNetCore.Server.Kestrel.Core.KestrelServerImpl.<>c__DisplayClass28_0`1.<<StartAsync>g__OnBind|0>d.MoveNext()
--- End of stack trace from previous location ---
   at Microsoft.AspNetCore.Server.Kestrel.Core.Internal.AddressBinder.BindEndpointAsync(ListenOptions endpoint, AddressBindContext context, CancellationToken cancellationToken)
   --- End of inner exception stack trace ---
   at Microsoft.AspNetCore.Server.Kestrel.Core.Internal.AddressBinder.BindEndpointAsync(ListenOptions endpoint, AddressBindContext context, CancellationToken cancellationToken)
   at Microsoft.AspNetCore.Server.Kestrel.Core.LocalhostListenOptions.BindAsync(AddressBindContext context, CancellationToken cancellationToken)
   at Microsoft.AspNetCore.Server.Kestrel.Core.Internal.AddressBinder.AddressesStrategy.BindAsync(AddressBindContext context, CancellationToken cancellationToken)
   at Microsoft.AspNetCore.Server.Kestrel.Core.KestrelServerImpl.BindAsync(CancellationToken cancellationToken)
   at Microsoft.AspNetCore.Server.Kestrel.Core.KestrelServerImpl.StartAsync[TContext](IHttpApplication`1 application, CancellationToken cancellationToken)
   at Microsoft.AspNetCore.Hosting.GenericWebHostService.StartAsync(CancellationToken cancellationToken)
   at Microsoft.Extensions.Hosting.Internal.Host.<StartAsync>b__14_1(IHostedService service, CancellationToken token)
   at Microsoft.Extensions.Hosting.Internal.Host.ForeachService[T](IEnumerable`1 services, CancellationToken token, Boolean concurrent, Boolean abortOnFirstException, List`1 exceptions, Func`3 operation)
2026-08-10 13:19:20.187 +05:30 [FTL]  e-Tour API failed to start
System.IO.IOException: Failed to bind to address http://[::1]:5000: address already in use.
 ---> Microsoft.AspNetCore.Connections.AddressInUseException: Only one usage of each socket address (protocol/network address/port) is normally permitted.
 ---> System.Net.Sockets.SocketException (10048): Only one usage of each socket address (protocol/network address/port) is normally permitted.
   at System.Net.Sockets.Socket.UpdateStatusAfterSocketErrorAndThrowException(SocketError error, Boolean disconnectOnFailure, String callerName)
   at System.Net.Sockets.Socket.DoBind(EndPoint endPointSnapshot, SocketAddress socketAddress)
   at System.Net.Sockets.Socket.Bind(EndPoint localEP)
   at Microsoft.AspNetCore.Server.Kestrel.Transport.Sockets.SocketTransportOptions.CreateDefaultBoundListenSocket(EndPoint endpoint)
   at Microsoft.AspNetCore.Server.Kestrel.Transport.Sockets.SocketConnectionListener.Bind()
   --- End of inner exception stack trace ---
   at Microsoft.AspNetCore.Server.Kestrel.Transport.Sockets.SocketConnectionListener.Bind()
   at Microsoft.AspNetCore.Server.Kestrel.Transport.Sockets.SocketTransportFactory.BindAsync(EndPoint endpoint, CancellationToken cancellationToken)
   at Microsoft.AspNetCore.Server.Kestrel.Core.Internal.Infrastructure.TransportManager.BindAsync(EndPoint endPoint, ConnectionDelegate connectionDelegate, EndpointConfig endpointConfig, CancellationToken cancellationToken)
   at Microsoft.AspNetCore.Server.Kestrel.Core.KestrelServerImpl.<>c__DisplayClass28_0`1.<<StartAsync>g__OnBind|0>d.MoveNext()
--- End of stack trace from previous location ---
   at Microsoft.AspNetCore.Server.Kestrel.Core.Internal.AddressBinder.BindEndpointAsync(ListenOptions endpoint, AddressBindContext context, CancellationToken cancellationToken)
   --- End of inner exception stack trace ---
   at Microsoft.AspNetCore.Server.Kestrel.Core.Internal.AddressBinder.BindEndpointAsync(ListenOptions endpoint, AddressBindContext context, CancellationToken cancellationToken)
   at Microsoft.AspNetCore.Server.Kestrel.Core.LocalhostListenOptions.BindAsync(AddressBindContext context, CancellationToken cancellationToken)
   at Microsoft.AspNetCore.Server.Kestrel.Core.Internal.AddressBinder.AddressesStrategy.BindAsync(AddressBindContext context, CancellationToken cancellationToken)
   at Microsoft.AspNetCore.Server.Kestrel.Core.KestrelServerImpl.BindAsync(CancellationToken cancellationToken)
   at Microsoft.AspNetCore.Server.Kestrel.Core.KestrelServerImpl.StartAsync[TContext](IHttpApplication`1 application, CancellationToken cancellationToken)
   at Microsoft.AspNetCore.Hosting.GenericWebHostService.StartAsync(CancellationToken cancellationToken)
   at Microsoft.Extensions.Hosting.Internal.Host.<StartAsync>b__14_1(IHostedService service, CancellationToken token)
   at Microsoft.Extensions.Hosting.Internal.Host.ForeachService[T](IEnumerable`1 services, CancellationToken token, Boolean concurrent, Boolean abortOnFirstException, List`1 exceptions, Func`3 operation)
   at Microsoft.Extensions.Hosting.Internal.Host.StartAsync(CancellationToken cancellationToken)
   at Microsoft.Extensions.Hosting.HostingAbstractionsHostExtensions.RunAsync(IHost host, CancellationToken token)
   at Microsoft.Extensions.Hosting.HostingAbstractionsHostExtensions.RunAsync(IHost host, CancellationToken token)
   at Microsoft.Extensions.Hosting.HostingAbstractionsHostExtensions.Run(IHost host)
   at Program.<Main>$(String[] args) in D:\Final_Project_Workspace\ETour-DotNet\Program.cs:line 230
2026-08-10 13:19:50.374 +05:30 [INF]  e-Tour API starting up
2026-08-10 13:19:50.969 +05:30 [INF]  Images served from D:\Final_Project_Workspace\ETour-DotNet\images. Java service expected at http://localhost:8081
2026-08-10 13:19:51.027 +05:30 [INF] ETour.Api.Service.TourCompletionWorker Tour completion sweep scheduled daily at "07:00:00.0000000"
2026-08-10 13:19:51.173 +05:30 [INF] Microsoft.Hosting.Lifetime Now listening on: http://localhost:5000
2026-08-10 13:19:51.238 +05:30 [INF] Microsoft.Hosting.Lifetime Application started. Press Ctrl+C to shut down.
2026-08-10 13:19:51.239 +05:30 [INF] Microsoft.Hosting.Lifetime Hosting environment: Development
2026-08-10 13:19:51.241 +05:30 [INF] Microsoft.Hosting.Lifetime Content root path: D:\Final_Project_Workspace\ETour-DotNet
2026-08-10 13:20:17.422 +05:30 [INF] Serilog.AspNetCore.RequestLoggingMiddleware GET /images/tours/himalayas-leh.png responded 200 in 71.0 ms
2026-08-10 13:20:17.421 +05:30 [INF] Serilog.AspNetCore.RequestLoggingMiddleware GET /images/tours/middle-east-desert.png responded 200 in 65.5 ms
2026-08-10 13:20:17.421 +05:30 [INF] Serilog.AspNetCore.RequestLoggingMiddleware GET /images/tours/rajasthan-palace.png responded 200 in 65.7 ms
2026-08-10 13:20:17.448 +05:30 [INF] Serilog.AspNetCore.RequestLoggingMiddleware GET /images/tours/goa-festival.png responded 200 in 97.0 ms
2026-08-10 13:20:17.452 +05:30 [INF] Serilog.AspNetCore.RequestLoggingMiddleware GET /images/tours/kerala-backwaters.png responded 200 in 159.1 ms
2026-08-10 13:20:17.469 +05:30 [INF] Serilog.AspNetCore.RequestLoggingMiddleware GET /images/tours/bali-temple.png responded 200 in 117.6 ms
2026-08-10 13:20:19.196 +05:30 [INF] Serilog.AspNetCore.RequestLoggingMiddleware GET /api/auth/providers responded 200 in 426.4 ms
2026-08-10 13:20:19.215 +05:30 [INF] Serilog.AspNetCore.RequestLoggingMiddleware GET /api/auth/providers responded 200 in 6.1 ms
2026-08-10 13:20:19.356 +05:30 [WRN] LuckyPennySoftware.AutoMapper.License You do not have a valid license key for the Lucky Penny software AutoMapper. This is allowed for development and testing scenarios. If you are running in production you are required to have a licensed version. Please visit https://luckypennysoftware.com to obtain a valid license.
2026-08-10 13:20:20.340 +05:30 [INF] Microsoft.EntityFrameworkCore.Database.Command Executed DbCommand (61ms) [Parameters=[], CommandType='"Text"', CommandTimeout='30']
SELECT `f`.`feedback_id`, `f`.`category`, `f`.`created_at`, `f`.`email`, `f`.`message`, `f`.`name`, `f`.`page_url`, `f`.`published`, `f`.`rating`, `f`.`status`, `f`.`user_id`
FROM `feedback` AS `f`
WHERE `f`.`published`
ORDER BY `f`.`feedback_id` DESC
2026-08-10 13:20:20.340 +05:30 [INF] Microsoft.EntityFrameworkCore.Database.Command Executed DbCommand (61ms) [Parameters=[], CommandType='"Text"', CommandTimeout='30']
SELECT `c`.`category_id`, `c`.`cat_code`, `c`.`cat_image_path`, `c`.`category_name`, `c`.`description`, `c`.`flag`, `c`.`parent_id`, `c`.`status`, `c`.`suitable_for`
FROM `category` AS `c`
WHERE `c`.`parent_id` IS NULL
ORDER BY `c`.`category_id`
2026-08-10 13:20:20.340 +05:30 [INF] Microsoft.EntityFrameworkCore.Database.Command Executed DbCommand (61ms) [Parameters=[], CommandType='"Text"', CommandTimeout='30']
SELECT `t`.`tour_id`, `t`.`add_ons`, `t`.`category_id`, `t`.`days`, `t`.`description`, `t`.`destination`, `t`.`do_and_dont`, `t`.`location`, `t`.`nights`, `t`.`passport_and_visa`, `t`.`price`, `t`.`stay_and_meals`, `t`.`subcat_id`, `t`.`tour_name`, `t`.`tour_type`, `t`.`weather`
FROM `tour` AS `t`
ORDER BY `t`.`tour_id`
2026-08-10 13:20:20.385 +05:30 [INF] Microsoft.EntityFrameworkCore.Database.Command Executed DbCommand (1ms) [Parameters=[], CommandType='"Text"', CommandTimeout='30']
SELECT `c`.`category_id`, `c`.`cat_code`, `c`.`cat_image_path`, `c`.`category_name`, `c`.`description`, `c`.`flag`, `c`.`parent_id`, `c`.`status`, `c`.`suitable_for`
FROM `category` AS `c`
2026-08-10 13:20:20.385 +05:30 [INF] Serilog.AspNetCore.RequestLoggingMiddleware GET /api/feedback/published responded 200 in 2932.4 ms
2026-08-10 13:20:20.403 +05:30 [INF] Microsoft.EntityFrameworkCore.Database.Command Executed DbCommand (2ms) [Parameters=[], CommandType='"Text"', CommandTimeout='30']
SELECT `t`.`tour_id` AS `TourId`, `t`.`category_id` AS `CategoryId`
FROM `tour` AS `t`
2026-08-10 13:20:20.423 +05:30 [INF] Serilog.AspNetCore.RequestLoggingMiddleware GET /api/categories/roots responded 200 in 2969.7 ms
2026-08-10 13:20:20.453 +05:30 [INF] Microsoft.EntityFrameworkCore.Database.Command Executed DbCommand (1ms) [Parameters=[], CommandType='"Text"', CommandTimeout='30']
SELECT `c`.`category_id`, `c`.`cat_code`, `c`.`cat_image_path`, `c`.`category_name`, `c`.`description`, `c`.`flag`, `c`.`parent_id`, `c`.`status`, `c`.`suitable_for`
FROM `category` AS `c`
WHERE `c`.`parent_id` IS NULL
ORDER BY `c`.`category_id`
2026-08-10 13:20:20.453 +05:30 [INF] Microsoft.EntityFrameworkCore.Database.Command Executed DbCommand (17ms) [Parameters=[], CommandType='"Text"', CommandTimeout='30']
SELECT `c`.`tour_id` AS `TourId`, MIN(`c`.`adult_price`) AS `Min`
FROM `cost` AS `c`
WHERE `c`.`tour_id` IS NOT NULL AND (`c`.`adult_price` IS NOT NULL)
GROUP BY `c`.`tour_id`
2026-08-10 13:20:20.453 +05:30 [INF] Microsoft.EntityFrameworkCore.Database.Command Executed DbCommand (1ms) [Parameters=[], CommandType='"Text"', CommandTimeout='30']
SELECT `f`.`feedback_id`, `f`.`category`, `f`.`created_at`, `f`.`email`, `f`.`message`, `f`.`name`, `f`.`page_url`, `f`.`published`, `f`.`rating`, `f`.`status`, `f`.`user_id`
FROM `feedback` AS `f`
WHERE `f`.`published`
ORDER BY `f`.`feedback_id` DESC
2026-08-10 13:20:20.456 +05:30 [INF] Microsoft.EntityFrameworkCore.Database.Command Executed DbCommand (0ms) [Parameters=[], CommandType='"Text"', CommandTimeout='30']
SELECT `c`.`category_id`, `c`.`cat_code`, `c`.`cat_image_path`, `c`.`category_name`, `c`.`description`, `c`.`flag`, `c`.`parent_id`, `c`.`status`, `c`.`suitable_for`
FROM `category` AS `c`
2026-08-10 13:20:20.459 +05:30 [INF] Serilog.AspNetCore.RequestLoggingMiddleware GET /api/feedback/published responded 200 in 69.5 ms
2026-08-10 13:20:20.462 +05:30 [INF] Microsoft.EntityFrameworkCore.Database.Command Executed DbCommand (0ms) [Parameters=[], CommandType='"Text"', CommandTimeout='30']
SELECT `t`.`tour_id` AS `TourId`, `t`.`category_id` AS `CategoryId`
FROM `tour` AS `t`
2026-08-10 13:20:20.495 +05:30 [INF] Serilog.AspNetCore.RequestLoggingMiddleware GET /api/categories/roots responded 200 in 66.8 ms
2026-08-10 13:20:20.517 +05:30 [INF] Microsoft.EntityFrameworkCore.Database.Command Executed DbCommand (12ms) [Parameters=[], CommandType='"Text"', CommandTimeout='30']
SELECT `r`.`tour_id` AS `TourId`, AVG(CAST(`r`.`rating` AS double)) AS `Avg`, CAST(COUNT(*) AS signed) AS `Count`
FROM `review` AS `r`
WHERE `r`.`tour_id` IS NOT NULL AND (`r`.`rating` IS NOT NULL)
GROUP BY `r`.`tour_id`
2026-08-10 13:20:20.551 +05:30 [INF] Microsoft.EntityFrameworkCore.Database.Command Executed DbCommand (11ms) [Parameters=[], CommandType='"Text"', CommandTimeout='30']
SELECT `t`.`tour_id` AS `TourId`, (
    SELECT `t0`.`source`
    FROM `tour_images` AS `t0`
    WHERE (`t0`.`is_primary` AND (`t0`.`tour_id` IS NOT NULL)) AND (`t`.`tour_id` = `t0`.`tour_id`)
    LIMIT 1) AS `Source`
FROM `tour_images` AS `t`
WHERE `t`.`is_primary` AND (`t`.`tour_id` IS NOT NULL)
GROUP BY `t`.`tour_id`
2026-08-10 13:20:20.564 +05:30 [INF] Serilog.AspNetCore.RequestLoggingMiddleware GET /api/tours responded 200 in 3061.7 ms
2026-08-10 13:20:20.573 +05:30 [INF] Microsoft.EntityFrameworkCore.Database.Command Executed DbCommand (1ms) [Parameters=[], CommandType='"Text"', CommandTimeout='30']
SELECT `t`.`tour_id`, `t`.`add_ons`, `t`.`category_id`, `t`.`days`, `t`.`description`, `t`.`destination`, `t`.`do_and_dont`, `t`.`location`, `t`.`nights`, `t`.`passport_and_visa`, `t`.`price`, `t`.`stay_and_meals`, `t`.`subcat_id`, `t`.`tour_name`, `t`.`tour_type`, `t`.`weather`
FROM `tour` AS `t`
ORDER BY `t`.`tour_id`
2026-08-10 13:20:20.577 +05:30 [INF] Microsoft.EntityFrameworkCore.Database.Command Executed DbCommand (1ms) [Parameters=[], CommandType='"Text"', CommandTimeout='30']
SELECT `c`.`tour_id` AS `TourId`, MIN(`c`.`adult_price`) AS `Min`
FROM `cost` AS `c`
WHERE `c`.`tour_id` IS NOT NULL AND (`c`.`adult_price` IS NOT NULL)
GROUP BY `c`.`tour_id`
2026-08-10 13:20:20.580 +05:30 [INF] Microsoft.EntityFrameworkCore.Database.Command Executed DbCommand (1ms) [Parameters=[], CommandType='"Text"', CommandTimeout='30']
SELECT `r`.`tour_id` AS `TourId`, AVG(CAST(`r`.`rating` AS double)) AS `Avg`, CAST(COUNT(*) AS signed) AS `Count`
FROM `review` AS `r`
WHERE `r`.`tour_id` IS NOT NULL AND (`r`.`rating` IS NOT NULL)
GROUP BY `r`.`tour_id`
2026-08-10 13:20:20.584 +05:30 [INF] Microsoft.EntityFrameworkCore.Database.Command Executed DbCommand (1ms) [Parameters=[], CommandType='"Text"', CommandTimeout='30']
SELECT `t`.`tour_id` AS `TourId`, (
    SELECT `t0`.`source`
    FROM `tour_images` AS `t0`
    WHERE (`t0`.`is_primary` AND (`t0`.`tour_id` IS NOT NULL)) AND (`t`.`tour_id` = `t0`.`tour_id`)
    LIMIT 1) AS `Source`
FROM `tour_images` AS `t`
WHERE `t`.`is_primary` AND (`t`.`tour_id` IS NOT NULL)
GROUP BY `t`.`tour_id`
2026-08-10 13:20:20.587 +05:30 [INF] Serilog.AspNetCore.RequestLoggingMiddleware GET /api/tours responded 200 in 18.3 ms
